Conversión de STEP a Solid Edge
Fecha: miércoles,septiembre 02,2026 07:46p. m.
Archivo fuente: C:\Users\Julya\Downloads\00_ensamble_base_un_NEMA17.step
Autor: Author
Organización: Open CASCADE
Sistema de origen: Open CASCADE 7.8

Equipo:
Procesador: AMD Ryzen 7 7445HS w/ Radeon 740M Graphics     
Sistema operativo: Windows 11 Version:25H2 Build:26200 System Type:64-bit
Memoria instalada: 15.23 GB

Información del programa
Versión de Parasolid: 38.0.150
Versión de PSBodyShop: 38.0.111
Versión del adaptador Step: 1700.0.0
Versión de Solid Edge: 226.00.01.004 x64

Opciones de importación de STEP
Importar cuerpos facetados: Activado
Importar cuerpos revisados: Desactivado
Importar curvas: Activado
Importar sin guardar: Activado
Importar varios cuerpos como archivo de una pieza: Activado
Optimización de la importación: Desactivado
Importar superficies unidas: Activado
Importar sólidos booleanos: Activado
Crear operación base: Activado
Simplificar geometría: Activado
Importar curvas para sobreimpresión: Activado
Importar unidad de disco: C:
Importar superficies unidas: Activado
Importar superficies: Activado
Importar vía de acceso de salida: C:\Users\Julya\Downloads
Importar con vía de acceso de salida predeterminada habilitada: Activado
Importar PMI: Desactivado.
Importar como componentes internos: Desactivado
Importar vía de acceso: 

Convirtiendo a tipos de datos Parasolid...
+Empezar conjunto: 1
+Creado archivo de conjunto SE C:\Users\Julya\Downloads\00_ensamble_base_un_NEMA17.asm
|--+Creado archivo de pieza SE C:\Users\Julya\Downloads\base_fija_0.par
|--+Creado archivo de pieza SE C:\Users\Julya\Downloads\AS5600_0.par
|--+Creado archivo de pieza SE C:\Users\Julya\Downloads\iman_6x3_0.par
|--+Creado archivo de pieza SE C:\Users\Julya\Downloads\NEMA17_0.par
|--+Creado archivo de pieza SE C:\Users\Julya\Downloads\reductora_31mm_0.par
|--+Creado archivo de pieza SE C:\Users\Julya\Downloads\rodamiento_624_1_0.par
|--+Creado archivo de pieza SE C:\Users\Julya\Downloads\M4x15_rodillo_1_0.par
|--+Creado archivo de pieza SE C:\Users\Julya\Downloads\rodamiento_624_2_0.par
|--+Creado archivo de pieza SE C:\Users\Julya\Downloads\M4x15_rodillo_2_0.par
|--+Creado archivo de pieza SE C:\Users\Julya\Downloads\rodamiento_624_3_0.par
|--+Creado archivo de pieza SE C:\Users\Julya\Downloads\M4x15_rodillo_3_0.par
|--+Creado archivo de pieza SE C:\Users\Julya\Downloads\plato_giratorio_0.par
+Piezas totales: 32
+Conjuntos: 0
+Cuerpos sólidos: 32
+Cuerpos de hoja: 0
+Terminar conjunto: 1
Proceso de conversión completado
Tiempo total requerido para convertir y posprocesar:00 : 00 : 02
