Conversión de Solid Edge en STL
Fecha: miércoles,septiembre 02,2026 12:25p. m.
Archivo fuente:C:\Julieta\1 facultad\10° semestre\Robótica 2\Proyecto Integrador\modelos 3d\ensamble_soporte_giroscopo.asm
Sistema fuente: SOLID EDGE

Hardware:
Procesador: AMD Ryzen 7 7445HS w/ Radeon 740M Graphics     
Sistema operativo: Windows 10
Memoria instalada: 15,23 GB

Información sobre el software:
Versión de Parasolid: 38.0.150
Versión de PSBodyShop: 38.0.111
Versión del adaptador STL: 1700.0.0
Versión de Solid Edge: 226.00.01.004 x64

Opciones de exportación de STL:
Formato de la carpeta de salida:BINARY
Exportar las piezas visualizadas: Desactivado
Opción estructural: Monolithic
Unidades de exportación: Inch
Valor de la tolerancia de exportación:0,050000
Tipo de tolerancia de exportación: Custom
Valor del ángulo plano de superficie de exportación:0,523599

Avance en la conversión:
Se completó el proceso de conversión
Tiempo necesario para convertir:00 : 00 : 00
