Conversión de STEP a Solid Edge
Fecha: lunes,septiembre 07,2026 11:39a. m.
Archivo fuente: C:\Users\Julya\Downloads\Reductor_NEMA17_compacto_coaxial_i4_SolidEdge\Reductor_NEMA17_compacto_coaxial_i4_ensamble.step
Autor: Author
Organización: Open CASCADE
Sistema de origen: Open CASCADE 7.9

Equipo:
Procesador: AMD Ryzen 7 7445HS w/ Radeon 740M Graphics     
Sistema operativo: Windows 11 Version:25H2 Build:26200 System Type:64-bit
Memoria instalada: 15.23 GB

Información del programa
Versión de Parasolid: 38.0.150
Versión de PSBodyShop: 38.0.111
Versión del adaptador Step: 1700.0.0
Versión de Solid Edge: 226.00.01.004 x64

Opciones de importación de STEP
Importar cuerpos facetados: Activado
Importar cuerpos revisados: Desactivado
Importar curvas: Activado
Importar sin guardar: Activado
Importar varios cuerpos como archivo de una pieza: Activado
Optimización de la importación: Desactivado
Importar superficies unidas: Activado
Importar sólidos booleanos: Activado
Crear operación base: Activado
Simplificar geometría: Activado
Importar curvas para sobreimpresión: Activado
Importar unidad de disco: C:
Importar superficies unidas: Activado
Importar superficies: Activado
Importar vía de acceso de salida: C:\Users\Julya\Downloads\Reductor_NEMA17_compacto_coaxial_i4_SolidEdge
Importar con vía de acceso de salida predeterminada habilitada: Activado
Importar PMI: Desactivado.
Importar como componentes internos: Desactivado
Importar vía de acceso: 

Convirtiendo a tipos de datos Parasolid...
+Empezar conjunto: 1
+Creado archivo de conjunto SE C:\Users\Julya\Downloads\Reductor_NEMA17_compacto_coaxial_i4_SolidEdge\Reductor_NEMA17_compacto_coaxial_i4_ensamble.asm
|--+Creado archivo de pieza SE C:\Users\Julya\Downloads\Reductor_NEMA17_compacto_coaxial_i4_SolidEdge\Carcasa.par
|--+Creado archivo de pieza SE C:\Users\Julya\Downloads\Reductor_NEMA17_compacto_coaxial_i4_SolidEdge\Tapa_superior.par
|--+Creado archivo de pieza SE C:\Users\Julya\Downloads\Reductor_NEMA17_compacto_coaxial_i4_SolidEdge\Pinon_entrada_16T.par
|--+Creado archivo de pieza SE C:\Users\Julya\Downloads\Reductor_NEMA17_compacto_coaxial_i4_SolidEdge\Compuesto_32T_16T.par
|--+Creado archivo de pieza SE C:\Users\Julya\Downloads\Reductor_NEMA17_compacto_coaxial_i4_SolidEdge\Corona_salida_32T.par
|--+Creado archivo de pieza SE C:\Users\Julya\Downloads\Reductor_NEMA17_compacto_coaxial_i4_SolidEdge\Eje_intermedio.par
|--+Creado archivo de pieza SE C:\Users\Julya\Downloads\Reductor_NEMA17_compacto_coaxial_i4_SolidEdge\Eje_salida_brida.par
|--+Creado archivo de pieza SE C:\Users\Julya\Downloads\Reductor_NEMA17_compacto_coaxial_i4_SolidEdge\Rodamiento_MID_delantero.par
|--+Creado archivo de pieza SE C:\Users\Julya\Downloads\Reductor_NEMA17_compacto_coaxial_i4_SolidEdge\Rodamiento_MID_trasero.par
|--+Creado archivo de pieza SE C:\Users\Julya\Downloads\Reductor_NEMA17_compacto_coaxial_i4_SolidEdge\Rodamiento_OUT_interior.par
|--+Creado archivo de pieza SE C:\Users\Julya\Downloads\Reductor_NEMA17_compacto_coaxial_i4_SolidEdge\Rodamiento_OUT_exterior.par
|--+Creado archivo de pieza SE C:\Users\Julya\Downloads\Reductor_NEMA17_compacto_coaxial_i4_SolidEdge\NEMA17_referencia.par
|--+Creado archivo de pieza SE C:\Users\Julya\Downloads\Reductor_NEMA17_compacto_coaxial_i4_SolidEdge\Adaptador_brazo_referencia.par
+Piezas totales: 26
+Conjuntos: 0
+Cuerpos sólidos: 26
+Cuerpos de hoja: 0
+Terminar conjunto: 1
Proceso de conversión completado
Tiempo total requerido para convertir y posprocesar:00 : 00 : 04
